<testsuites id="" name="" tests="2" failures="0" skipped="0" errors="0" time="14.965">
<testsuite name="login.spec.ts" timestamp="1658855490993" hostname="" tests="1" failures="0" skipped="0" time="8.909" errors="0">
<testcase name="Login" classname="[chromium] › login.spec.ts:7:1 › Login" time="8.909">
</testcase>
</testsuite>
<testsuite name="new.spec.ts" timestamp="1658855490993" hostname="" tests="1" failures="0" skipped="0" time="13.121" errors="0">
<testcase name="test" classname="[chromium] › new.spec.ts:6:1 › test" time="13.121">
</testcase>
</testsuite>
</testsuites>